{
  "version": "1.5.0",
  "plugins_used": [
    {
      "name": "ArtifactoryDetector"
    },
    {
      "name": "AWSKeyDetector"
    },
    {
      "name": "AzureStorageKeyDetector"
    },
    {
      "name": "Base64HighEntropyString",
      "limit": 4.5
    },
    {
      "name": "BasicAuthDetector"
    },
    {
      "name": "CloudantDetector"
    },
    {
      "name": "DiscordBotTokenDetector"
    },
    {
      "name": "GitHubTokenDetector"
    },
    {
      "name": "GitLabTokenDetector"
    },
    {
      "name": "HexHighEntropyString",
      "limit": 3.0
    },
    {
      "name": "IbmCloudIamDetector"
    },
    {
      "name": "IbmCosHmacDetector"
    },
    {
      "name": "IPPublicDetector"
    },
    {
      "name": "JwtTokenDetector"
    },
    {
      "name": "KeywordDetector",
      "keyword_exclude": ""
    },
    {
      "name": "MailchimpDetector"
    },
    {
      "name": "NpmDetector"
    },
    {
      "name": "OpenAIDetector"
    },
    {
      "name": "PrivateKeyDetector"
    },
    {
      "name": "PypiTokenDetector"
    },
    {
      "name": "SendGridDetector"
    },
    {
      "name": "SlackDetector"
    },
    {
      "name": "SoftlayerDetector"
    },
    {
      "name": "SquareOAuthDetector"
    },
    {
      "name": "StripeDetector"
    },
    {
      "name": "TelegramBotTokenDetector"
    },
    {
      "name": "TwilioKeyDetector"
    }
  ],
  "filters_used": [
    {
      "path": "detect_secrets.filters.allowlist.is_line_allowlisted"
    },
    {
      "path": "detect_secrets.filters.common.is_ignored_due_to_verification_policies",
      "min_level": 2
    },
    {
      "path": "detect_secrets.filters.heuristic.is_indirect_reference"
    },
    {
      "path": "detect_secrets.filters.heuristic.is_likely_id_string"
    },
    {
      "path": "detect_secrets.filters.heuristic.is_lock_file"
    },
    {
      "path": "detect_secrets.filters.heuristic.is_not_alphanumeric_string"
    },
    {
      "path": "detect_secrets.filters.heuristic.is_potential_uuid"
    },
    {
      "path": "detect_secrets.filters.heuristic.is_prefixed_with_dollar_sign"
    },
    {
      "path": "detect_secrets.filters.heuristic.is_sequential_string"
    },
    {
      "path": "detect_secrets.filters.heuristic.is_swagger_file"
    },
    {
      "path": "detect_secrets.filters.heuristic.is_templated_secret"
    }
  ],
  "results": {
    "roles/srsilo/files/reference_genomes.json": [
      {
        "type": "AWS Access Key",
        "filename": "roles/srsilo/files/reference_genomes.json",
        "hashed_secret": "012cda17ea4e77c91a1ea7abd4a2b57cdb841afb",
        "is_verified": false,
        "line_number": 5
      },
      {
        "type": "AWS Access Key",
        "filename": "roles/srsilo/files/reference_genomes.json",
        "hashed_secret": "04b70325ed46a36f7df41762c99df3b7ef42be66",
        "is_verified": false,
        "line_number": 5
      },
      {
        "type": "AWS Access Key",
        "filename": "roles/srsilo/files/reference_genomes.json",
        "hashed_secret": "04bdbc8c02ad35902c219f147e19c56dd2930643",
        "is_verified": false,
        "line_number": 5
      },
      {
        "type": "AWS Access Key",
        "filename": "roles/srsilo/files/reference_genomes.json",
        "hashed_secret": "05befeae02091a85c5044d60aa26a5cce349cb91",
        "is_verified": false,
        "line_number": 5
      },
      {
        "type": "AWS Access Key",
        "filename": "roles/srsilo/files/reference_genomes.json",
        "hashed_secret": "086b6d5f8268cf5bf3432bc63f6dcc02ebc9ed89",
        "is_verified": false,
        "line_number": 5
      },
      {
        "type": "AWS Access Key",
        "filename": "roles/srsilo/files/reference_genomes.json",
        "hashed_secret": "09e6be43d8a238a5c0077d6aee99f9d66baedac7",
        "is_verified": false,
        "line_number": 5
      },
      {
        "type": "AWS Access Key",
        "filename": "roles/srsilo/files/reference_genomes.json",
        "hashed_secret": "0f7d2e5c53d0cfe2e5372547514c73cffe50b7be",
        "is_verified": false,
        "line_number": 5
      },
      {
        "type": "AWS Access Key",
        "filename": "roles/srsilo/files/reference_genomes.json",
        "hashed_secret": "12e4467c0cfff48d073e3d865659a64316e56899",
        "is_verified": false,
        "line_number": 5
      },
      {
        "type": "AWS Access Key",
        "filename": "roles/srsilo/files/reference_genomes.json",
        "hashed_secret": "136f52c87afc33356772ca52c2290bcbe352135f",
        "is_verified": false,
        "line_number": 5
      },
      {
        "type": "AWS Access Key",
        "filename": "roles/srsilo/files/reference_genomes.json",
        "hashed_secret": "13ba48eea79faeb6776f8e7fc2d02b047b7c97f3",
        "is_verified": false,
        "line_number": 5
      },
      {
        "type": "AWS Access Key",
        "filename": "roles/srsilo/files/reference_genomes.json",
        "hashed_secret": "17731b441afc18e7bca1ede0d9f0c2ae483fa191",
        "is_verified": false,
        "line_number": 5
      },
      {
        "type": "AWS Access Key",
        "filename": "roles/srsilo/files/reference_genomes.json",
        "hashed_secret": "199b79c327db6699eebd1d56e0d5145faf4d855d",
        "is_verified": false,
        "line_number": 5
      },
      {
        "type": "AWS Access Key",
        "filename": "roles/srsilo/files/reference_genomes.json",
        "hashed_secret": "19d231effa4b189fbf466bdcd570f70273b35d9b",
        "is_verified": false,
        "line_number": 5
      },
      {
        "type": "AWS Access Key",
        "filename": "roles/srsilo/files/reference_genomes.json",
        "hashed_secret": "1ee5de696f41ea258d8a341c2152f8c6a369a1d5",
        "is_verified": false,
        "line_number": 5
      },
      {
        "type": "AWS Access Key",
        "filename": "roles/srsilo/files/reference_genomes.json",
        "hashed_secret": "2432fb3a237aa7b17617c58ce6be4182436e156b",
        "is_verified": false,
        "line_number": 5
      },
      {
        "type": "AWS Access Key",
        "filename": "roles/srsilo/files/reference_genomes.json",
        "hashed_secret": "25036590b2c4c3cf83414fd09f21e28b31827b4e",
        "is_verified": false,
        "line_number": 5
      },
      {
        "type": "AWS Access Key",
        "filename": "roles/srsilo/files/reference_genomes.json",
        "hashed_secret": "28b174a30ef648137ce4c174ddc93eb3530e9b83",
        "is_verified": false,
        "line_number": 5
      },
      {
        "type": "AWS Access Key",
        "filename": "roles/srsilo/files/reference_genomes.json",
        "hashed_secret": "2a350924c7732b3919b588fbde82faf002b7984b",
        "is_verified": false,
        "line_number": 5
      },
      {
        "type": "AWS Access Key",
        "filename": "roles/srsilo/files/reference_genomes.json",
        "hashed_secret": "2a88648d2c60e3c760ee3858e5878da23513a81e",
        "is_verified": false,
        "line_number": 5
      },
      {
        "type": "AWS Access Key",
        "filename": "roles/srsilo/files/reference_genomes.json",
        "hashed_secret": "2c49878a6d0964c554a2ba6e47d707bea8c5526e",
        "is_verified": false,
        "line_number": 5
      },
      {
        "type": "AWS Access Key",
        "filename": "roles/srsilo/files/reference_genomes.json",
        "hashed_secret": "336a74b155f7f5632d6b26c85eda9409dfb73a54",
        "is_verified": false,
        "line_number": 5
      },
      {
        "type": "AWS Access Key",
        "filename": "roles/srsilo/files/reference_genomes.json",
        "hashed_secret": "360443a15b36fc6504691a99a28fc78d9cdeefec",
        "is_verified": false,
        "line_number": 5
      },
      {
        "type": "AWS Access Key",
        "filename": "roles/srsilo/files/reference_genomes.json",
        "hashed_secret": "3691ed3a4665aa61d1a581161e7a3631d044cc84",
        "is_verified": false,
        "line_number": 5
      },
      {
        "type": "AWS Access Key",
        "filename": "roles/srsilo/files/reference_genomes.json",
        "hashed_secret": "3e3db3f221ac09e303379d42d16666bde499611f",
        "is_verified": false,
        "line_number": 5
      },
      {
        "type": "AWS Access Key",
        "filename": "roles/srsilo/files/reference_genomes.json",
        "hashed_secret": "4241359845feb642bfa4ac32b90e00dc8c95aa4d",
        "is_verified": false,
        "line_number": 5
      },
      {
        "type": "AWS Access Key",
        "filename": "roles/srsilo/files/reference_genomes.json",
        "hashed_secret": "43a1a91522a2ef7921a3505127b690ab5575936c",
        "is_verified": false,
        "line_number": 5
      },
      {
        "type": "AWS Access Key",
        "filename": "roles/srsilo/files/reference_genomes.json",
        "hashed_secret": "4478aac0768828e33556c6bb83af9f041d5b8c8d",
        "is_verified": false,
        "line_number": 5
      },
      {
        "type": "AWS Access Key",
        "filename": "roles/srsilo/files/reference_genomes.json",
        "hashed_secret": "44c794648df4a42488f9a82a4b63d2a13a120dfc",
        "is_verified": false,
        "line_number": 5
      },
      {
        "type": "AWS Access Key",
        "filename": "roles/srsilo/files/reference_genomes.json",
        "hashed_secret": "4785addea8540665d9e58e62076cc63954eb81b6",
        "is_verified": false,
        "line_number": 5
      },
      {
        "type": "AWS Access Key",
        "filename": "roles/srsilo/files/reference_genomes.json",
        "hashed_secret": "47d7221dd0e68c2cb03a1138372d91602dab4b02",
        "is_verified": false,
        "line_number": 5
      },
      {
        "type": "AWS Access Key",
        "filename": "roles/srsilo/files/reference_genomes.json",
        "hashed_secret": "4b0eeed8d077f12d02ecee13e8a4f7f16622bcc1",
        "is_verified": false,
        "line_number": 5
      },
      {
        "type": "AWS Access Key",
        "filename": "roles/srsilo/files/reference_genomes.json",
        "hashed_secret": "4e3c21b68cccc97b23a2e9ccf4f11840e3734480",
        "is_verified": false,
        "line_number": 5
      },
      {
        "type": "AWS Access Key",
        "filename": "roles/srsilo/files/reference_genomes.json",
        "hashed_secret": "4eaafe7ad4cd6c6b43549b2d75783c4e71e6daf3",
        "is_verified": false,
        "line_number": 5
      },
      {
        "type": "AWS Access Key",
        "filename": "roles/srsilo/files/reference_genomes.json",
        "hashed_secret": "4f80e006974b174849a60b5127da2b696badfc4c",
        "is_verified": false,
        "line_number": 5
      },
      {
        "type": "AWS Access Key",
        "filename": "roles/srsilo/files/reference_genomes.json",
        "hashed_secret": "50736c0737113b571420888380c6dce3f79c8880",
        "is_verified": false,
        "line_number": 5
      },
      {
        "type": "AWS Access Key",
        "filename": "roles/srsilo/files/reference_genomes.json",
        "hashed_secret": "5128bbe056bd67658dfe9de25135c9477a3e2dbe",
        "is_verified": false,
        "line_number": 5
      },
      {
        "type": "AWS Access Key",
        "filename": "roles/srsilo/files/reference_genomes.json",
        "hashed_secret": "578d09e4c01e85645366048a50f140a79a629caf",
        "is_verified": false,
        "line_number": 5
      },
      {
        "type": "AWS Access Key",
        "filename": "roles/srsilo/files/reference_genomes.json",
        "hashed_secret": "59001a89604a5f3407d25be7995ed5e3a2784641",
        "is_verified": false,
        "line_number": 5
      },
      {
        "type": "AWS Access Key",
        "filename": "roles/srsilo/files/reference_genomes.json",
        "hashed_secret": "5a67f27b693678c05297ab852c3e40a1753fdad6",
        "is_verified": false,
        "line_number": 5
      },
      {
        "type": "AWS Access Key",
        "filename": "roles/srsilo/files/reference_genomes.json",
        "hashed_secret": "5c6901b67197393de921e3878e489f75a82fcbbc",
        "is_verified": false,
        "line_number": 5
      },
      {
        "type": "AWS Access Key",
        "filename": "roles/srsilo/files/reference_genomes.json",
        "hashed_secret": "5d2fde4d73baed706d79c09fc3bc16ab71dea680",
        "is_verified": false,
        "line_number": 5
      },
      {
        "type": "AWS Access Key",
        "filename": "roles/srsilo/files/reference_genomes.json",
        "hashed_secret": "5eca0355694dc11df26a12c8dde2207be684e2f5",
        "is_verified": false,
        "line_number": 5
      },
      {
        "type": "AWS Access Key",
        "filename": "roles/srsilo/files/reference_genomes.json",
        "hashed_secret": "5f5b532c422797cbaf628814b18f77d424917f16",
        "is_verified": false,
        "line_number": 5
      },
      {
        "type": "AWS Access Key",
        "filename": "roles/srsilo/files/reference_genomes.json",
        "hashed_secret": "610ac4effb91087e543bc48b581e05487bcfea6d",
        "is_verified": false,
        "line_number": 5
      },
      {
        "type": "AWS Access Key",
        "filename": "roles/srsilo/files/reference_genomes.json",
        "hashed_secret": "646b44add173fc65fa24e7e652a7f733fc9cf778",
        "is_verified": false,
        "line_number": 5
      },
      {
        "type": "AWS Access Key",
        "filename": "roles/srsilo/files/reference_genomes.json",
        "hashed_secret": "67253fda51c185dbaec52338c9b1e14df674e70f",
        "is_verified": false,
        "line_number": 5
      },
      {
        "type": "AWS Access Key",
        "filename": "roles/srsilo/files/reference_genomes.json",
        "hashed_secret": "67fd8edd1618ebf1066bd0acd940e17e0e3d933c",
        "is_verified": false,
        "line_number": 5
      },
      {
        "type": "AWS Access Key",
        "filename": "roles/srsilo/files/reference_genomes.json",
        "hashed_secret": "684249226ff1d1956515ac1abdcb44d3c3cc0436",
        "is_verified": false,
        "line_number": 5
      },
      {
        "type": "AWS Access Key",
        "filename": "roles/srsilo/files/reference_genomes.json",
        "hashed_secret": "6b1e7d71fb31c28940236478f659fd107ef7ecdd",
        "is_verified": false,
        "line_number": 5
      },
      {
        "type": "AWS Access Key",
        "filename": "roles/srsilo/files/reference_genomes.json",
        "hashed_secret": "6d321a2fdc993dbb61c89ddd303a800541c1b8c2",
        "is_verified": false,
        "line_number": 5
      },
      {
        "type": "AWS Access Key",
        "filename": "roles/srsilo/files/reference_genomes.json",
        "hashed_secret": "6ff78f16355b860d10d030ecdf337aa78c3ab633",
        "is_verified": false,
        "line_number": 5
      },
      {
        "type": "AWS Access Key",
        "filename": "roles/srsilo/files/reference_genomes.json",
        "hashed_secret": "73dc1006f70b5af805780a04f7d0777dc71862a6",
        "is_verified": false,
        "line_number": 5
      },
      {
        "type": "AWS Access Key",
        "filename": "roles/srsilo/files/reference_genomes.json",
        "hashed_secret": "740a946c10675e0c0b33283d316a50f3be381f2f",
        "is_verified": false,
        "line_number": 5
      },
      {
        "type": "AWS Access Key",
        "filename": "roles/srsilo/files/reference_genomes.json",
        "hashed_secret": "742260037d0eea4f889ca17dd48248ee3dfda139",
        "is_verified": false,
        "line_number": 5
      },
      {
        "type": "AWS Access Key",
        "filename": "roles/srsilo/files/reference_genomes.json",
        "hashed_secret": "74aafbd0b7a341032f36af810429bfd983ad34e2",
        "is_verified": false,
        "line_number": 5
      },
      {
        "type": "AWS Access Key",
        "filename": "roles/srsilo/files/reference_genomes.json",
        "hashed_secret": "774a2e54b51109b09e2301b8b990b0f2adf3c059",
        "is_verified": false,
        "line_number": 5
      },
      {
        "type": "AWS Access Key",
        "filename": "roles/srsilo/files/reference_genomes.json",
        "hashed_secret": "7a415252e070738291b343e71458ad22ce0b43d8",
        "is_verified": false,
        "line_number": 5
      },
      {
        "type": "AWS Access Key",
        "filename": "roles/srsilo/files/reference_genomes.json",
        "hashed_secret": "7b75dac3245a23199546a73bfc673b36d744828d",
        "is_verified": false,
        "line_number": 5
      },
      {
        "type": "AWS Access Key",
        "filename": "roles/srsilo/files/reference_genomes.json",
        "hashed_secret": "7b9e5ff93cfa414fdee75c7bd91c80bb67e329eb",
        "is_verified": false,
        "line_number": 5
      },
      {
        "type": "AWS Access Key",
        "filename": "roles/srsilo/files/reference_genomes.json",
        "hashed_secret": "7c456d8d19154c6cb9f468d457c1fb0153f92d1f",
        "is_verified": false,
        "line_number": 5
      },
      {
        "type": "AWS Access Key",
        "filename": "roles/srsilo/files/reference_genomes.json",
        "hashed_secret": "7db57e2a18b6bdb27ac1dfe40c44e652ab4a7f2e",
        "is_verified": false,
        "line_number": 5
      },
      {
        "type": "AWS Access Key",
        "filename": "roles/srsilo/files/reference_genomes.json",
        "hashed_secret": "7f41c4265a8d8b0e0fdd4dfe7b8fbe6aee214b16",
        "is_verified": false,
        "line_number": 5
      },
      {
        "type": "AWS Access Key",
        "filename": "roles/srsilo/files/reference_genomes.json",
        "hashed_secret": "85ba052a7161c3408d0a168b8d3f3d434f139fc3",
        "is_verified": false,
        "line_number": 5
      },
      {
        "type": "AWS Access Key",
        "filename": "roles/srsilo/files/reference_genomes.json",
        "hashed_secret": "8a37a6833df58c72c10cf32416c7c8800f20a5b5",
        "is_verified": false,
        "line_number": 5
      },
      {
        "type": "AWS Access Key",
        "filename": "roles/srsilo/files/reference_genomes.json",
        "hashed_secret": "8bfb21a1c9189e42cde35f63b7a9ac267a767df3",
        "is_verified": false,
        "line_number": 5
      },
      {
        "type": "AWS Access Key",
        "filename": "roles/srsilo/files/reference_genomes.json",
        "hashed_secret": "8d66e53859e4b4b808385d6a3ef561b7971fa564",
        "is_verified": false,
        "line_number": 5
      },
      {
        "type": "AWS Access Key",
        "filename": "roles/srsilo/files/reference_genomes.json",
        "hashed_secret": "8ec8d63c9ad85baf2412048d0ea09a0de3723a51",
        "is_verified": false,
        "line_number": 5
      },
      {
        "type": "AWS Access Key",
        "filename": "roles/srsilo/files/reference_genomes.json",
        "hashed_secret": "8ee32d790bb629afdbfd5f7ccfb8609570bd5e37",
        "is_verified": false,
        "line_number": 5
      },
      {
        "type": "AWS Access Key",
        "filename": "roles/srsilo/files/reference_genomes.json",
        "hashed_secret": "8f1502f4a7446b7417d0a97919cd55b556af20bc",
        "is_verified": false,
        "line_number": 5
      },
      {
        "type": "AWS Access Key",
        "filename": "roles/srsilo/files/reference_genomes.json",
        "hashed_secret": "907421fd9a8722d3fc15140279c220e7b06436f5",
        "is_verified": false,
        "line_number": 5
      },
      {
        "type": "AWS Access Key",
        "filename": "roles/srsilo/files/reference_genomes.json",
        "hashed_secret": "91d46d41f8acc72a1798008c0efbb900189c0469",
        "is_verified": false,
        "line_number": 5
      },
      {
        "type": "AWS Access Key",
        "filename": "roles/srsilo/files/reference_genomes.json",
        "hashed_secret": "92c3a87d09749286efe90303b7963466e1b7ddc9",
        "is_verified": false,
        "line_number": 5
      },
      {
        "type": "AWS Access Key",
        "filename": "roles/srsilo/files/reference_genomes.json",
        "hashed_secret": "953b08d5cf3c09521622be07cc13e0bdaadd8cdd",
        "is_verified": false,
        "line_number": 5
      },
      {
        "type": "AWS Access Key",
        "filename": "roles/srsilo/files/reference_genomes.json",
        "hashed_secret": "95abc0b5c51746cfaad03456d70dd91441785339",
        "is_verified": false,
        "line_number": 5
      },
      {
        "type": "AWS Access Key",
        "filename": "roles/srsilo/files/reference_genomes.json",
        "hashed_secret": "97761fdb6147c19a2704cb3056f0e50cf9543441",
        "is_verified": false,
        "line_number": 5
      },
      {
        "type": "AWS Access Key",
        "filename": "roles/srsilo/files/reference_genomes.json",
        "hashed_secret": "9ade0e55889418a3120f384ffd2429da3ee032e9",
        "is_verified": false,
        "line_number": 5
      },
      {
        "type": "AWS Access Key",
        "filename": "roles/srsilo/files/reference_genomes.json",
        "hashed_secret": "9d1e9757eaa5b345436db13b790c0adfd8e786ca",
        "is_verified": false,
        "line_number": 5
      },
      {
        "type": "AWS Access Key",
        "filename": "roles/srsilo/files/reference_genomes.json",
        "hashed_secret": "9d5d1e50824ef82cb0f96aa693bbbd0c048b6120",
        "is_verified": false,
        "line_number": 5
      },
      {
        "type": "AWS Access Key",
        "filename": "roles/srsilo/files/reference_genomes.json",
        "hashed_secret": "9d821a0b5f26e7215df6626f55fd447966d92bca",
        "is_verified": false,
        "line_number": 5
      },
      {
        "type": "AWS Access Key",
        "filename": "roles/srsilo/files/reference_genomes.json",
        "hashed_secret": "a1574ef5d13477462dacbb51965e230a121c25de",
        "is_verified": false,
        "line_number": 5
      },
      {
        "type": "AWS Access Key",
        "filename": "roles/srsilo/files/reference_genomes.json",
        "hashed_secret": "a16b0a2929d7be5768f47963b14237466ba9c58f",
        "is_verified": false,
        "line_number": 5
      },
      {
        "type": "AWS Access Key",
        "filename": "roles/srsilo/files/reference_genomes.json",
        "hashed_secret": "a410df82b192bf786f5d16c20a72098e8f1e2862",
        "is_verified": false,
        "line_number": 5
      },
      {
        "type": "AWS Access Key",
        "filename": "roles/srsilo/files/reference_genomes.json",
        "hashed_secret": "a4827bdfe201aeb1d4c5d0f9652d6a9ec79430aa",
        "is_verified": false,
        "line_number": 5
      },
      {
        "type": "AWS Access Key",
        "filename": "roles/srsilo/files/reference_genomes.json",
        "hashed_secret": "a5267c694f2e9a6fc27829e953f799b7589b0947",
        "is_verified": false,
        "line_number": 5
      },
      {
        "type": "AWS Access Key",
        "filename": "roles/srsilo/files/reference_genomes.json",
        "hashed_secret": "a5750584523873d2103241c0f078dd301789f63f",
        "is_verified": false,
        "line_number": 5
      },
      {
        "type": "AWS Access Key",
        "filename": "roles/srsilo/files/reference_genomes.json",
        "hashed_secret": "a670dbfd231776a0aa67334eabe3a5153962b9b1",
        "is_verified": false,
        "line_number": 5
      },
      {
        "type": "AWS Access Key",
        "filename": "roles/srsilo/files/reference_genomes.json",
        "hashed_secret": "a7696c7ee858284a443fd42731fffe6681944fc8",
        "is_verified": false,
        "line_number": 5
      },
      {
        "type": "AWS Access Key",
        "filename": "roles/srsilo/files/reference_genomes.json",
        "hashed_secret": "a770d6b2bc80eea02dfdde1dc4615fc18b6b684d",
        "is_verified": false,
        "line_number": 5
      },
      {
        "type": "AWS Access Key",
        "filename": "roles/srsilo/files/reference_genomes.json",
        "hashed_secret": "a927068346ec4efa1085053448c476ce9eee71ca",
        "is_verified": false,
        "line_number": 5
      },
      {
        "type": "AWS Access Key",
        "filename": "roles/srsilo/files/reference_genomes.json",
        "hashed_secret": "a9b8df8ea4b65cf99fa61dd6738a85948d61b01b",
        "is_verified": false,
        "line_number": 5
      },
      {
        "type": "AWS Access Key",
        "filename": "roles/srsilo/files/reference_genomes.json",
        "hashed_secret": "aa136d6782719781f8eba949643c37ace703323c",
        "is_verified": false,
        "line_number": 5
      },
      {
        "type": "AWS Access Key",
        "filename": "roles/srsilo/files/reference_genomes.json",
        "hashed_secret": "ab9ecc410d5050de82faa835c2d55d3208e96de3",
        "is_verified": false,
        "line_number": 5
      },
      {
        "type": "AWS Access Key",
        "filename": "roles/srsilo/files/reference_genomes.json",
        "hashed_secret": "af2cc7ddad08ad56c3db9bb76bba42da7708f4d4",
        "is_verified": false,
        "line_number": 5
      },
      {
        "type": "AWS Access Key",
        "filename": "roles/srsilo/files/reference_genomes.json",
        "hashed_secret": "af6bc2acd322e3099c1b52ab4b85760c8932e4e8",
        "is_verified": false,
        "line_number": 5
      },
      {
        "type": "AWS Access Key",
        "filename": "roles/srsilo/files/reference_genomes.json",
        "hashed_secret": "b2d8b6b4972ee242ea8632af719a4cacd9fff0fe",
        "is_verified": false,
        "line_number": 5
      },
      {
        "type": "AWS Access Key",
        "filename": "roles/srsilo/files/reference_genomes.json",
        "hashed_secret": "b3094d94110fd18ec34dcd115e791d3b6ee4bc69",
        "is_verified": false,
        "line_number": 5
      },
      {
        "type": "AWS Access Key",
        "filename": "roles/srsilo/files/reference_genomes.json",
        "hashed_secret": "b55bc81e2c390018bff9a3acbded5072bd464bac",
        "is_verified": false,
        "line_number": 5
      },
      {
        "type": "AWS Access Key",
        "filename": "roles/srsilo/files/reference_genomes.json",
        "hashed_secret": "b67ce145f39943ebcd4301769d2e979bce4763e1",
        "is_verified": false,
        "line_number": 5
      },
      {
        "type": "AWS Access Key",
        "filename": "roles/srsilo/files/reference_genomes.json",
        "hashed_secret": "b8195056fab79aeb16d16c9081f6dcad7774e781",
        "is_verified": false,
        "line_number": 5
      },
      {
        "type": "AWS Access Key",
        "filename": "roles/srsilo/files/reference_genomes.json",
        "hashed_secret": "b9af07b41fc1786799f2b671ca90217bfc5f6ed1",
        "is_verified": false,
        "line_number": 5
      },
      {
        "type": "AWS Access Key",
        "filename": "roles/srsilo/files/reference_genomes.json",
        "hashed_secret": "bd2f268ab421f1fc2c2fbfedb2eacdfef8c8c04e",
        "is_verified": false,
        "line_number": 5
      },
      {
        "type": "AWS Access Key",
        "filename": "roles/srsilo/files/reference_genomes.json",
        "hashed_secret": "bd316a22a12f141e38f3b8f25f0cf84201b46e01",
        "is_verified": false,
        "line_number": 5
      },
      {
        "type": "AWS Access Key",
        "filename": "roles/srsilo/files/reference_genomes.json",
        "hashed_secret": "c08b57aedb3ed7a761766a5b50a3c3d188497e84",
        "is_verified": false,
        "line_number": 5
      },
      {
        "type": "AWS Access Key",
        "filename": "roles/srsilo/files/reference_genomes.json",
        "hashed_secret": "c4cba2a3ea02b37dced1f20c3335156e679da39b",
        "is_verified": false,
        "line_number": 5
      },
      {
        "type": "AWS Access Key",
        "filename": "roles/srsilo/files/reference_genomes.json",
        "hashed_secret": "c85ea43b6b7a245a8131d92aa5414b16a6372344",
        "is_verified": false,
        "line_number": 5
      },
      {
        "type": "AWS Access Key",
        "filename": "roles/srsilo/files/reference_genomes.json",
        "hashed_secret": "c97e7550e6335aef13ac03dbbbacc142f80b92ac",
        "is_verified": false,
        "line_number": 5
      },
      {
        "type": "AWS Access Key",
        "filename": "roles/srsilo/files/reference_genomes.json",
        "hashed_secret": "cb4386bbb40cb9f97c0490c67f2c521e28d232ad",
        "is_verified": false,
        "line_number": 5
      },
      {
        "type": "AWS Access Key",
        "filename": "roles/srsilo/files/reference_genomes.json",
        "hashed_secret": "d11c56f2166a7575188bb05805e66e0f0c14a735",
        "is_verified": false,
        "line_number": 5
      },
      {
        "type": "AWS Access Key",
        "filename": "roles/srsilo/files/reference_genomes.json",
        "hashed_secret": "d59a6863489876935b0cdc8f576875ac21332d55",
        "is_verified": false,
        "line_number": 5
      },
      {
        "type": "AWS Access Key",
        "filename": "roles/srsilo/files/reference_genomes.json",
        "hashed_secret": "da09c207b12968887e4ad7f8b05df97326d50081",
        "is_verified": false,
        "line_number": 5
      },
      {
        "type": "AWS Access Key",
        "filename": "roles/srsilo/files/reference_genomes.json",
        "hashed_secret": "de19a0e3ad7e92c27516be8ba4739a273c7503e6",
        "is_verified": false,
        "line_number": 5
      },
      {
        "type": "AWS Access Key",
        "filename": "roles/srsilo/files/reference_genomes.json",
        "hashed_secret": "e08e48d97422e79361d9abccafce63183a26dee3",
        "is_verified": false,
        "line_number": 5
      },
      {
        "type": "AWS Access Key",
        "filename": "roles/srsilo/files/reference_genomes.json",
        "hashed_secret": "e0e787738f8fadda40b6eb8484b5f4abae3cb538",
        "is_verified": false,
        "line_number": 5
      },
      {
        "type": "AWS Access Key",
        "filename": "roles/srsilo/files/reference_genomes.json",
        "hashed_secret": "e2ebb0655f02d0c39d3ecec8f7f240858d854e90",
        "is_verified": false,
        "line_number": 5
      },
      {
        "type": "AWS Access Key",
        "filename": "roles/srsilo/files/reference_genomes.json",
        "hashed_secret": "e3c835b7fad3de60e4cff98dd9dd8ebed81d6361",
        "is_verified": false,
        "line_number": 5
      },
      {
        "type": "AWS Access Key",
        "filename": "roles/srsilo/files/reference_genomes.json",
        "hashed_secret": "e41e9abd2ee8cbbd75cadd7a5ed997558eea2451",
        "is_verified": false,
        "line_number": 5
      },
      {
        "type": "AWS Access Key",
        "filename": "roles/srsilo/files/reference_genomes.json",
        "hashed_secret": "e47c15266d7d5bfdfd48a958a6a92288d3b59974",
        "is_verified": false,
        "line_number": 5
      },
      {
        "type": "AWS Access Key",
        "filename": "roles/srsilo/files/reference_genomes.json",
        "hashed_secret": "e529ccc6735bd9b3029f91b683a492f19ca7a5f8",
        "is_verified": false,
        "line_number": 5
      },
      {
        "type": "AWS Access Key",
        "filename": "roles/srsilo/files/reference_genomes.json",
        "hashed_secret": "e60c48cefeb4898d700106788775e490879005c4",
        "is_verified": false,
        "line_number": 5
      },
      {
        "type": "AWS Access Key",
        "filename": "roles/srsilo/files/reference_genomes.json",
        "hashed_secret": "e75e7f917c6810faef2a6012da705a68879b107d",
        "is_verified": false,
        "line_number": 5
      },
      {
        "type": "AWS Access Key",
        "filename": "roles/srsilo/files/reference_genomes.json",
        "hashed_secret": "ea5968db77de4ab8c130f95135a56456bf9fbfed",
        "is_verified": false,
        "line_number": 5
      },
      {
        "type": "AWS Access Key",
        "filename": "roles/srsilo/files/reference_genomes.json",
        "hashed_secret": "eb914ac7ecea180a0a2791061a6412f18df4ec08",
        "is_verified": false,
        "line_number": 5
      },
      {
        "type": "AWS Access Key",
        "filename": "roles/srsilo/files/reference_genomes.json",
        "hashed_secret": "ebbe91c0719f630ec3dfe6c9d55a24753d42e04b",
        "is_verified": false,
        "line_number": 5
      },
      {
        "type": "AWS Access Key",
        "filename": "roles/srsilo/files/reference_genomes.json",
        "hashed_secret": "ecd911bc0336b72f9e344b18e30be984182f9f06",
        "is_verified": false,
        "line_number": 5
      },
      {
        "type": "AWS Access Key",
        "filename": "roles/srsilo/files/reference_genomes.json",
        "hashed_secret": "ed090e63aeb5456e6582d1518a90001058adaabf",
        "is_verified": false,
        "line_number": 5
      },
      {
        "type": "AWS Access Key",
        "filename": "roles/srsilo/files/reference_genomes.json",
        "hashed_secret": "edcd2f680337cabe5f70c91d1d67406a9e0fb270",
        "is_verified": false,
        "line_number": 5
      },
      {
        "type": "AWS Access Key",
        "filename": "roles/srsilo/files/reference_genomes.json",
        "hashed_secret": "ee05b72f1f2f34c9402857e90cea645cdc4fd1c4",
        "is_verified": false,
        "line_number": 5
      },
      {
        "type": "AWS Access Key",
        "filename": "roles/srsilo/files/reference_genomes.json",
        "hashed_secret": "effc6e092c935a4fa007fb2d23466b1db0fd7c5a",
        "is_verified": false,
        "line_number": 5
      },
      {
        "type": "AWS Access Key",
        "filename": "roles/srsilo/files/reference_genomes.json",
        "hashed_secret": "f23278329b28e9ac4c5d57a7f7418a8baa498e5f",
        "is_verified": false,
        "line_number": 5
      },
      {
        "type": "AWS Access Key",
        "filename": "roles/srsilo/files/reference_genomes.json",
        "hashed_secret": "f7050b0a49c0e45a439acf74b1aa5ed009877da0",
        "is_verified": false,
        "line_number": 5
      },
      {
        "type": "AWS Access Key",
        "filename": "roles/srsilo/files/reference_genomes.json",
        "hashed_secret": "f9de6d08979494b530ba95d30b9119a8b2e4511f",
        "is_verified": false,
        "line_number": 5
      },
      {
        "type": "AWS Access Key",
        "filename": "roles/srsilo/files/reference_genomes.json",
        "hashed_secret": "fc0bfd72d3580793cd12335d4b35909249212f23",
        "is_verified": false,
        "line_number": 5
      }
    ]
  },
  "generated_at": "2025-11-12T15:48:15Z"
}
